run_name : train_pcim_cpu
device   : cpu
smoke    : False
[train_pcim_cpu] loss scale factors (calibrated at step 1): {'rec': 0.2663, 'deg': 0.1527, 'freq': 0.0028, 'pres': 0.5373}
[train_pcim_cpu] step 50/15000  total=0.8782
[train_pcim_cpu] step 100/15000  total=0.8743
[train_pcim_cpu] step 150/15000  total=0.7741
[train_pcim_cpu] step 200/15000  total=0.9230
[train_pcim_cpu] step 250/15000  total=0.3179
[train_pcim_cpu] step 300/15000  total=0.5715
[train_pcim_cpu] step 350/15000  total=0.6107
[train_pcim_cpu] step 400/15000  total=0.5294  rel_drr=0.887
[train_pcim_cpu] step 450/15000  total=0.3724  rel_drr=0.887
[train_pcim_cpu] step 500/15000  total=0.2322  rel_drr=0.887
[train_pcim_cpu] step 550/15000  total=0.2287  rel_drr=0.887
[train_pcim_cpu] step 600/15000  total=0.4386  rel_drr=0.887
[train_pcim_cpu] step 650/15000  total=0.3853  rel_drr=0.887
[train_pcim_cpu] step 700/15000  total=0.4971  rel_drr=0.887
[train_pcim_cpu] step 750/15000  total=0.3645  rel_drr=0.889
[train_pcim_cpu] step 800/15000  total=0.1680  rel_drr=0.889
[train_pcim_cpu] step 850/15000  total=0.4372  rel_drr=0.889
[train_pcim_cpu] step 900/15000  total=0.2367  rel_drr=0.889
[train_pcim_cpu] step 950/15000  total=0.3246  rel_drr=0.889
[train_pcim_cpu] step 1000/15000  total=0.2074  rel_drr=0.889
[train_pcim_cpu] step 1050/15000  total=0.2708  rel_drr=0.889
[train_pcim_cpu] step 1100/15000  total=0.2921  rel_drr=0.889
[train_pcim_cpu] step 1150/15000  total=0.2945  rel_drr=0.798
[train_pcim_cpu] step 1200/15000  total=0.3375  rel_drr=0.798
[train_pcim_cpu] step 1250/15000  total=0.3060  rel_drr=0.798
[train_pcim_cpu] step 1300/15000  total=0.2058  rel_drr=0.798
[train_pcim_cpu] step 1350/15000  total=0.3636  rel_drr=0.798
[train_pcim_cpu] step 1400/15000  total=0.2609  rel_drr=0.798
[train_pcim_cpu] step 1450/15000  total=0.1879  rel_drr=0.798
[train_pcim_cpu] step 1500/15000  total=0.5016  rel_drr=0.904
[train_pcim_cpu] step 1550/15000  total=0.1913  rel_drr=0.904
[train_pcim_cpu] step 1600/15000  total=0.4510  rel_drr=0.904
[train_pcim_cpu] step 1650/15000  total=0.3320  rel_drr=0.904
[train_pcim_cpu] step 1700/15000  total=0.5684  rel_drr=0.904
[train_pcim_cpu] step 1750/15000  total=0.3748  rel_drr=0.904
[train_pcim_cpu] step 1800/15000  total=0.5716  rel_drr=0.904
[train_pcim_cpu] step 1850/15000  total=0.2433  rel_drr=0.904
[train_pcim_cpu] step 1900/15000  total=0.3723  rel_drr=0.845
[train_pcim_cpu] step 1950/15000  total=0.2560  rel_drr=0.845
[train_pcim_cpu] step 2000/15000  total=0.3906  rel_drr=0.845
[train_pcim_cpu] step 2050/15000  total=0.4794  rel_drr=0.845
[train_pcim_cpu] step 2100/15000  total=0.2997  rel_drr=0.845
[train_pcim_cpu] step 2150/15000  total=0.2330  rel_drr=0.845
[train_pcim_cpu] step 2200/15000  total=0.3629  rel_drr=0.845
[train_pcim_cpu] step 2250/15000  total=0.4770  rel_drr=0.904
[train_pcim_cpu] step 2300/15000  total=0.2788  rel_drr=0.904
[train_pcim_cpu] step 2350/15000  total=0.2263  rel_drr=0.904
[train_pcim_cpu] step 2400/15000  total=0.3580  rel_drr=0.904
[train_pcim_cpu] step 2450/15000  total=0.2327  rel_drr=0.904
[train_pcim_cpu] step 2500/15000  total=0.1984  rel_drr=0.904
[train_pcim_cpu] step 2550/15000  total=0.2932  rel_drr=0.904
[train_pcim_cpu] step 2600/15000  total=0.3132  rel_drr=0.904
[train_pcim_cpu] step 2650/15000  total=0.5215  rel_drr=0.808
[train_pcim_cpu] step 2700/15000  total=0.2298  rel_drr=0.808
[train_pcim_cpu] step 2750/15000  total=0.1469  rel_drr=0.808
[train_pcim_cpu] step 2800/15000  total=0.2728  rel_drr=0.808
[train_pcim_cpu] step 2850/15000  total=0.2341  rel_drr=0.808
[train_pcim_cpu] step 2900/15000  total=0.2335  rel_drr=0.808
[train_pcim_cpu] step 2950/15000  total=0.2500  rel_drr=0.808
[train_pcim_cpu] step 3000/15000  total=0.2886  rel_drr=0.926
[train_pcim_cpu] step 3050/15000  total=0.2856  rel_drr=0.926
[train_pcim_cpu] step 3100/15000  total=0.3201  rel_drr=0.926
[train_pcim_cpu] step 3150/15000  total=0.3848  rel_drr=0.926
[train_pcim_cpu] step 3200/15000  total=0.3236  rel_drr=0.926
[train_pcim_cpu] step 3250/15000  total=0.3447  rel_drr=0.926
[train_pcim_cpu] step 3300/15000  total=0.2360  rel_drr=0.926
[train_pcim_cpu] step 3350/15000  total=0.3280  rel_drr=0.926
[train_pcim_cpu] step 3400/15000  total=0.2724  rel_drr=0.802
[train_pcim_cpu] step 3450/15000  total=0.2096  rel_drr=0.802
[train_pcim_cpu] step 3500/15000  total=0.2626  rel_drr=0.802
[train_pcim_cpu] step 3550/15000  total=0.1501  rel_drr=0.802
[train_pcim_cpu] step 3600/15000  total=0.2890  rel_drr=0.802
[train_pcim_cpu] step 3650/15000  total=0.2698  rel_drr=0.802
[train_pcim_cpu] step 3700/15000  total=0.1843  rel_drr=0.802
[train_pcim_cpu] step 3750/15000  total=0.3198  rel_drr=0.852
[train_pcim_cpu] step 3800/15000  total=0.3156  rel_drr=0.852
[train_pcim_cpu] step 3850/15000  total=0.1640  rel_drr=0.852
[train_pcim_cpu] step 3900/15000  total=0.2539  rel_drr=0.852
[train_pcim_cpu] step 3950/15000  total=0.1405  rel_drr=0.852
[train_pcim_cpu] step 4000/15000  total=0.3590  rel_drr=0.852
[train_pcim_cpu] step 4050/15000  total=0.2190  rel_drr=0.852
[train_pcim_cpu] step 4100/15000  total=0.2275  rel_drr=0.852
[train_pcim_cpu] step 4150/15000  total=0.2773  rel_drr=0.912
[train_pcim_cpu] step 4200/15000  total=0.1604  rel_drr=0.912
[train_pcim_cpu] step 4250/15000  total=0.1950  rel_drr=0.912
[train_pcim_cpu] step 4300/15000  total=0.2453  rel_drr=0.912
[train_pcim_cpu] step 4350/15000  total=0.2222  rel_drr=0.912
[train_pcim_cpu] step 4400/15000  total=0.2733  rel_drr=0.912
[train_pcim_cpu] step 4450/15000  total=0.1958  rel_drr=0.912
[train_pcim_cpu] step 4500/15000  total=0.2845  rel_drr=0.836
[train_pcim_cpu] step 4550/15000  total=0.2216  rel_drr=0.836
[train_pcim_cpu] step 4600/15000  total=0.2615  rel_drr=0.836
[train_pcim_cpu] step 4650/15000  total=0.1940  rel_drr=0.836
[train_pcim_cpu] step 4700/15000  total=0.8050  rel_drr=0.836
[train_pcim_cpu] step 4750/15000  total=0.2629  rel_drr=0.836
[train_pcim_cpu] step 4800/15000  total=0.4452  rel_drr=0.836
[train_pcim_cpu] step 4850/15000  total=0.2258  rel_drr=0.836
[train_pcim_cpu] step 4900/15000  total=0.2797  rel_drr=0.938
[train_pcim_cpu] step 4950/15000  total=0.2304  rel_drr=0.938
[train_pcim_cpu] step 5000/15000  total=0.2573  rel_drr=0.938
[train_pcim_cpu] step 5050/15000  total=0.2588  rel_drr=0.938
[train_pcim_cpu] step 5100/15000  total=0.3241  rel_drr=0.938
[train_pcim_cpu] step 5150/15000  total=0.5507  rel_drr=0.938
[train_pcim_cpu] step 5200/15000  total=0.3656  rel_drr=0.938
[train_pcim_cpu] step 5250/15000  total=0.1791  rel_drr=0.795
[train_pcim_cpu] step 5300/15000  total=0.3426  rel_drr=0.795
[train_pcim_cpu] step 5350/15000  total=0.1650  rel_drr=0.795
[train_pcim_cpu] step 5400/15000  total=0.1760  rel_drr=0.795
[train_pcim_cpu] step 5450/15000  total=0.1900  rel_drr=0.795
[train_pcim_cpu] step 5500/15000  total=0.3354  rel_drr=0.795
[train_pcim_cpu] step 5550/15000  total=0.1837  rel_drr=0.795
[train_pcim_cpu] step 5600/15000  total=0.1808  rel_drr=0.795
[train_pcim_cpu] step 5650/15000  total=0.2103  rel_drr=0.945
[train_pcim_cpu] step 5700/15000  total=0.2810  rel_drr=0.945
[train_pcim_cpu] step 5750/15000  total=0.2723  rel_drr=0.945
[train_pcim_cpu] step 5800/15000  total=0.3667  rel_drr=0.945
[train_pcim_cpu] step 5850/15000  total=0.3542  rel_drr=0.945
[train_pcim_cpu] step 5900/15000  total=0.3791  rel_drr=0.945
[train_pcim_cpu] step 5950/15000  total=0.1481  rel_drr=0.945
[train_pcim_cpu] step 6000/15000  total=0.1907  rel_drr=0.909
[train_pcim_cpu] step 6050/15000  total=0.3194  rel_drr=0.909
[train_pcim_cpu] step 6100/15000  total=0.2090  rel_drr=0.909
[train_pcim_cpu] step 6150/15000  total=0.2268  rel_drr=0.909
[train_pcim_cpu] step 6200/15000  total=0.2164  rel_drr=0.909
[train_pcim_cpu] step 6250/15000  total=0.3015  rel_drr=0.909
[train_pcim_cpu] step 6300/15000  total=0.1189  rel_drr=0.909
[train_pcim_cpu] step 6350/15000  total=0.2537  rel_drr=0.909
[train_pcim_cpu] step 6400/15000  total=0.2404  rel_drr=0.949
[train_pcim_cpu] step 6450/15000  total=0.2650  rel_drr=0.949
[train_pcim_cpu] step 6500/15000  total=0.2337  rel_drr=0.949
[train_pcim_cpu] step 6550/15000  total=0.2108  rel_drr=0.949
[train_pcim_cpu] step 6600/15000  total=0.3645  rel_drr=0.949
[train_pcim_cpu] step 6650/15000  total=0.2346  rel_drr=0.949
[train_pcim_cpu] step 6700/15000  total=0.3979  rel_drr=0.949
[train_pcim_cpu] step 6750/15000  total=0.2031  rel_drr=0.807
[train_pcim_cpu] step 6800/15000  total=0.1041  rel_drr=0.807
[train_pcim_cpu] step 6850/15000  total=0.6986  rel_drr=0.807
[train_pcim_cpu] step 6900/15000  total=0.2851  rel_drr=0.807
[train_pcim_cpu] step 6950/15000  total=0.1541  rel_drr=0.807
[train_pcim_cpu] step 7000/15000  total=0.2759  rel_drr=0.807
[train_pcim_cpu] step 7050/15000  total=0.2709  rel_drr=0.807
[train_pcim_cpu] step 7100/15000  total=0.2151  rel_drr=0.807
[train_pcim_cpu] step 7150/15000  total=0.3054  rel_drr=0.923
[train_pcim_cpu] step 7200/15000  total=0.1048  rel_drr=0.923
[train_pcim_cpu] step 7250/15000  total=0.2181  rel_drr=0.923
[train_pcim_cpu] step 7300/15000  total=0.3082  rel_drr=0.923
[train_pcim_cpu] step 7350/15000  total=0.3353  rel_drr=0.923
[train_pcim_cpu] step 7400/15000  total=0.3959  rel_drr=0.923
[train_pcim_cpu] step 7450/15000  total=0.2291  rel_drr=0.923
[train_pcim_cpu] step 7500/15000  total=0.1664  rel_drr=0.935
[train_pcim_cpu] step 7550/15000  total=0.2295  rel_drr=0.935
[train_pcim_cpu] step 7600/15000  total=0.6332  rel_drr=0.935
[train_pcim_cpu] step 7650/15000  total=0.1573  rel_drr=0.935
[train_pcim_cpu] step 7700/15000  total=0.2615  rel_drr=0.935
[train_pcim_cpu] step 7750/15000  total=0.2269  rel_drr=0.935
[train_pcim_cpu] step 7800/15000  total=0.4696  rel_drr=0.935
[train_pcim_cpu] step 7850/15000  total=0.1674  rel_drr=0.935
[train_pcim_cpu] step 7900/15000  total=0.3571  rel_drr=0.897
[train_pcim_cpu] step 7950/15000  total=0.3364  rel_drr=0.897
[train_pcim_cpu] step 8000/15000  total=0.2480  rel_drr=0.897
[train_pcim_cpu] step 8050/15000  total=0.1478  rel_drr=0.897
[train_pcim_cpu] step 8100/15000  total=0.1374  rel_drr=0.897
[train_pcim_cpu] step 8150/15000  total=0.1778  rel_drr=0.897
[train_pcim_cpu] step 8200/15000  total=0.3990  rel_drr=0.897
[train_pcim_cpu] step 8250/15000  total=0.1992  rel_drr=0.777
[train_pcim_cpu] step 8300/15000  total=0.1558  rel_drr=0.777
[train_pcim_cpu] step 8350/15000  total=0.2697  rel_drr=0.777
[train_pcim_cpu] step 8400/15000  total=0.3036  rel_drr=0.777
[train_pcim_cpu] step 8450/15000  total=0.2728  rel_drr=0.777
[train_pcim_cpu] step 8500/15000  total=0.3124  rel_drr=0.777
[train_pcim_cpu] step 8550/15000  total=0.2933  rel_drr=0.777
[train_pcim_cpu] step 8600/15000  total=0.3573  rel_drr=0.777
[train_pcim_cpu] step 8650/15000  total=0.1520  rel_drr=0.727
[train_pcim_cpu] step 8700/15000  total=0.2037  rel_drr=0.727
[train_pcim_cpu] step 8750/15000  total=0.2212  rel_drr=0.727
[train_pcim_cpu] step 8800/15000  total=0.2522  rel_drr=0.727
[train_pcim_cpu] step 8850/15000  total=0.0967  rel_drr=0.727
[train_pcim_cpu] step 8900/15000  total=0.1892  rel_drr=0.727
[train_pcim_cpu] step 8950/15000  total=0.2116  rel_drr=0.727
[train_pcim_cpu] step 9000/15000  total=0.2700  rel_drr=0.856
[train_pcim_cpu] step 9050/15000  total=0.3144  rel_drr=0.856
[train_pcim_cpu] step 9100/15000  total=0.1659  rel_drr=0.856
[train_pcim_cpu] step 9150/15000  total=0.2987  rel_drr=0.856
[train_pcim_cpu] step 9200/15000  total=0.2652  rel_drr=0.856
[train_pcim_cpu] step 9250/15000  total=0.4115  rel_drr=0.856
[train_pcim_cpu] step 9300/15000  total=0.2068  rel_drr=0.856
[train_pcim_cpu] step 9350/15000  total=0.2576  rel_drr=0.856
[train_pcim_cpu] step 9400/15000  total=0.2497  rel_drr=0.932
[train_pcim_cpu] step 9450/15000  total=0.1551  rel_drr=0.932
[train_pcim_cpu] step 9500/15000  total=0.2803  rel_drr=0.932
[train_pcim_cpu] step 9550/15000  total=0.3486  rel_drr=0.932
[train_pcim_cpu] step 9600/15000  total=0.2395  rel_drr=0.932
[train_pcim_cpu] step 9650/15000  total=0.1772  rel_drr=0.932
[train_pcim_cpu] step 9700/15000  total=0.2021  rel_drr=0.932
[train_pcim_cpu] step 9750/15000  total=0.3663  rel_drr=0.913
[train_pcim_cpu] step 9800/15000  total=0.2138  rel_drr=0.913
[train_pcim_cpu] step 9850/15000  total=0.2441  rel_drr=0.913
[train_pcim_cpu] step 9900/15000  total=0.2267  rel_drr=0.913
[train_pcim_cpu] step 9950/15000  total=0.2292  rel_drr=0.913
[train_pcim_cpu] step 10000/15000  total=0.4565  rel_drr=0.913
[train_pcim_cpu] step 10050/15000  total=0.2642  rel_drr=0.913
[train_pcim_cpu] step 10100/15000  total=0.0994  rel_drr=0.913
[train_pcim_cpu] step 10150/15000  total=0.1952  rel_drr=0.874
[train_pcim_cpu] step 10200/15000  total=0.3714  rel_drr=0.874
[train_pcim_cpu] step 10250/15000  total=0.2823  rel_drr=0.874
[train_pcim_cpu] step 10300/15000  total=0.2897  rel_drr=0.874
[train_pcim_cpu] step 10350/15000  total=0.2941  rel_drr=0.874
[train_pcim_cpu] step 10400/15000  total=0.2407  rel_drr=0.874
[train_pcim_cpu] step 10450/15000  total=0.1463  rel_drr=0.874
[train_pcim_cpu] step 10500/15000  total=0.2047  rel_drr=0.926
[train_pcim_cpu] step 10550/15000  total=0.2128  rel_drr=0.926
[train_pcim_cpu] step 10600/15000  total=0.3411  rel_drr=0.926
[train_pcim_cpu] step 10650/15000  total=0.3125  rel_drr=0.926
[train_pcim_cpu] step 10700/15000  total=0.2989  rel_drr=0.926
[train_pcim_cpu] step 10750/15000  total=0.2542  rel_drr=0.926
[train_pcim_cpu] step 10800/15000  total=0.2243  rel_drr=0.926
[train_pcim_cpu] step 10850/15000  total=0.3417  rel_drr=0.926
[train_pcim_cpu] step 10900/15000  total=0.1199  rel_drr=0.879
[train_pcim_cpu] step 10950/15000  total=0.1990  rel_drr=0.879
[train_pcim_cpu] step 11000/15000  total=0.1572  rel_drr=0.879
[train_pcim_cpu] step 11050/15000  total=0.1962  rel_drr=0.879
[train_pcim_cpu] step 11100/15000  total=0.2188  rel_drr=0.879
[train_pcim_cpu] step 11150/15000  total=0.1944  rel_drr=0.879
[train_pcim_cpu] step 11200/15000  total=0.1619  rel_drr=0.879
[train_pcim_cpu] step 11250/15000  total=0.2160  rel_drr=0.912
[train_pcim_cpu] step 11300/15000  total=0.3446  rel_drr=0.912
[train_pcim_cpu] step 11350/15000  total=0.1687  rel_drr=0.912
[train_pcim_cpu] step 11400/15000  total=0.3009  rel_drr=0.912
[train_pcim_cpu] step 11450/15000  total=0.1475  rel_drr=0.912
[train_pcim_cpu] step 11500/15000  total=0.5555  rel_drr=0.912
[train_pcim_cpu] step 11550/15000  total=0.1972  rel_drr=0.912
[train_pcim_cpu] step 11600/15000  total=0.1988  rel_drr=0.912
[train_pcim_cpu] step 11650/15000  total=0.2166  rel_drr=0.937
[train_pcim_cpu] step 11700/15000  total=0.1797  rel_drr=0.937
[train_pcim_cpu] step 11750/15000  total=0.2336  rel_drr=0.937
[train_pcim_cpu] step 11800/15000  total=0.4672  rel_drr=0.937
[train_pcim_cpu] step 11850/15000  total=0.2717  rel_drr=0.937
[train_pcim_cpu] step 11900/15000  total=0.3135  rel_drr=0.937
[train_pcim_cpu] step 11950/15000  total=0.2327  rel_drr=0.937
[train_pcim_cpu] step 12000/15000  total=0.1939  rel_drr=0.939
[train_pcim_cpu] step 12050/15000  total=0.1739  rel_drr=0.939
[train_pcim_cpu] step 12100/15000  total=0.1851  rel_drr=0.939
[train_pcim_cpu] step 12150/15000  total=0.1571  rel_drr=0.939
[train_pcim_cpu] step 12200/15000  total=0.2644  rel_drr=0.939
[train_pcim_cpu] step 12250/15000  total=0.1409  rel_drr=0.939
[train_pcim_cpu] step 12300/15000  total=0.1962  rel_drr=0.939
[train_pcim_cpu] step 12350/15000  total=0.2568  rel_drr=0.939
[train_pcim_cpu] step 12400/15000  total=0.1671  rel_drr=0.933
[train_pcim_cpu] step 12450/15000  total=0.2007  rel_drr=0.933
[train_pcim_cpu] step 12500/15000  total=0.4090  rel_drr=0.933
[train_pcim_cpu] step 12550/15000  total=0.1958  rel_drr=0.933
[train_pcim_cpu] step 12600/15000  total=0.2035  rel_drr=0.933
[train_pcim_cpu] step 12650/15000  total=0.3306  rel_drr=0.933
[train_pcim_cpu] step 12700/15000  total=0.2572  rel_drr=0.933
[train_pcim_cpu] step 12750/15000  total=0.2298  rel_drr=0.926
[train_pcim_cpu] step 12800/15000  total=0.2022  rel_drr=0.926
[train_pcim_cpu] step 12850/15000  total=0.1534  rel_drr=0.926
[train_pcim_cpu] step 12900/15000  total=0.2236  rel_drr=0.926
[train_pcim_cpu] step 12950/15000  total=0.2310  rel_drr=0.926
[train_pcim_cpu] step 13000/15000  total=0.1911  rel_drr=0.926
[train_pcim_cpu] step 13050/15000  total=0.1591  rel_drr=0.926
[train_pcim_cpu] step 13100/15000  total=0.1672  rel_drr=0.926
[train_pcim_cpu] step 13150/15000  total=0.2913  rel_drr=0.898
[train_pcim_cpu] step 13200/15000  total=0.3696  rel_drr=0.898
[train_pcim_cpu] step 13250/15000  total=0.2695  rel_drr=0.898
[train_pcim_cpu] step 13300/15000  total=0.3479  rel_drr=0.898
[train_pcim_cpu] step 13350/15000  total=0.2031  rel_drr=0.898
[train_pcim_cpu] step 13400/15000  total=0.1877  rel_drr=0.898
[train_pcim_cpu] step 13450/15000  total=0.1842  rel_drr=0.898
[train_pcim_cpu] step 13500/15000  total=0.2953  rel_drr=0.923
[train_pcim_cpu] step 13550/15000  total=0.2616  rel_drr=0.923
[train_pcim_cpu] step 13600/15000  total=0.2546  rel_drr=0.923
[train_pcim_cpu] step 13650/15000  total=0.1774  rel_drr=0.923
[train_pcim_cpu] step 13700/15000  total=0.1594  rel_drr=0.923
[train_pcim_cpu] step 13750/15000  total=0.2281  rel_drr=0.923
[train_pcim_cpu] step 13800/15000  total=0.1615  rel_drr=0.923
[train_pcim_cpu] step 13850/15000  total=0.3301  rel_drr=0.923
[train_pcim_cpu] step 13900/15000  total=0.2035  rel_drr=0.803
[train_pcim_cpu] step 13950/15000  total=0.1803  rel_drr=0.803
[train_pcim_cpu] step 14000/15000  total=0.3604  rel_drr=0.803
[train_pcim_cpu] step 14050/15000  total=0.3855  rel_drr=0.803
[train_pcim_cpu] step 14100/15000  total=0.5843  rel_drr=0.803
[train_pcim_cpu] step 14150/15000  total=0.2159  rel_drr=0.803
[train_pcim_cpu] step 14200/15000  total=0.3746  rel_drr=0.803
[train_pcim_cpu] step 14250/15000  total=0.2718  rel_drr=0.845
[train_pcim_cpu] step 14300/15000  total=0.2718  rel_drr=0.845
[train_pcim_cpu] step 14350/15000  total=0.2994  rel_drr=0.845
[train_pcim_cpu] step 14400/15000  total=0.1478  rel_drr=0.845
[train_pcim_cpu] step 14450/15000  total=0.1346  rel_drr=0.845
[train_pcim_cpu] step 14500/15000  total=0.2604  rel_drr=0.845
[train_pcim_cpu] step 14550/15000  total=0.1706  rel_drr=0.845
[train_pcim_cpu] step 14600/15000  total=0.3567  rel_drr=0.845
[train_pcim_cpu] step 14650/15000  total=0.2267  rel_drr=0.935
[train_pcim_cpu] step 14700/15000  total=0.2550  rel_drr=0.935
[train_pcim_cpu] step 14750/15000  total=0.1465  rel_drr=0.935
[train_pcim_cpu] step 14800/15000  total=0.3415  rel_drr=0.935
[train_pcim_cpu] step 14850/15000  total=0.2176  rel_drr=0.935
[train_pcim_cpu] step 14900/15000  total=0.2069  rel_drr=0.935
[train_pcim_cpu] step 14950/15000  total=0.1931  rel_drr=0.935
[train_pcim_cpu] step 15000/15000  total=0.1777  rel_drr=0.934

final eval: {'relative_drr': 0.9343274347962359, 'dremr': -8.154397267362425, 'psnr_normal': 12.88008243996893, 'n': 24, 'relative_drr_texture': 0.8654537767925078, 'relative_drr_scratch': 0.9127529989813322, 'relative_drr_blob': 1.0023710226881606}
